========= COMPUTE-SANITIZER
Using /home/rahul/.cache/torch_extensions/py38_cu121 as PyTorch extensions root...
Detected CUDA files, patching ldflags
Emitting ninja build file /home/rahul/.cache/torch_extensions/py38_cu121/conv2d_relu_int8/build.ninja...
/home/rahul/.local/lib/python3.8/site-packages/torch/utils/cpp_extension.py:1965: UserWarning: TORCH_CUDA_ARCH_LIST is not set, all archs for visible cards are included for compilation. 
If this is not desired, please set os.environ['TORCH_CUDA_ARCH_LIST'].
  warnings.warn(
Building extension module conv2d_relu_int8...
Allowing ninja to set a default number of workers... (overridable by setting the environment variable MAX_JOBS=N)
ninja: no work to do.
========= Error: process didn't terminate successfully
========= Target application returned an error
========= ERROR SUMMARY: 0 errors
